// Jest Snapshot v1, https://goo.gl/fbAQLP

exports[`Animated Text Component renders the component 1`] = `
Object {
  "asFragment": [Function],
  "baseElement": <body
    class="chakra-ui-dark"
  >
    <div
      id="chakra-toast-portal"
    >
      <ul
        id="chakra-toast-manager-top"
        style="position: fixed; z-index: 5500; pointer-events: none; display: flex; flex-direction: column; margin: 0px auto;"
      />
      <ul
        id="chakra-toast-manager-top-left"
        style="position: fixed; z-index: 5500; pointer-events: none; display: flex; flex-direction: column;"
      />
      <ul
        id="chakra-toast-manager-top-right"
        style="position: fixed; z-index: 5500; pointer-events: none; display: flex; flex-direction: column;"
      />
      <ul
        id="chakra-toast-manager-bottom-left"
        style="position: fixed; z-index: 5500; pointer-events: none; display: flex; flex-direction: column;"
      />
      <ul
        id="chakra-toast-manager-bottom"
        style="position: fixed; z-index: 5500; pointer-events: none; display: flex; flex-direction: column; margin: 0px auto;"
      />
      <ul
        id="chakra-toast-manager-bottom-right"
        style="position: fixed; z-index: 5500; pointer-events: none; display: flex; flex-direction: column;"
      />
    </div>
    <div>
      <div
        aria-label="test"
        class="chakra-container css-1ulwkta"
      >
        <span
          style="position: relative; display: inline-block; width: auto; opacity: 0; transform: translateY(20px) translateZ(0);"
        >
          t
        </span>
        <span
          style="position: relative; display: inline-block; width: auto; opacity: 0; transform: translateY(20px) translateZ(0);"
        >
          e
        </span>
        <span
          style="position: relative; display: inline-block; width: auto; opacity: 0; transform: translateY(20px) translateZ(0);"
        >
          s
        </span>
        <span
          style="position: relative; display: inline-block; width: auto; opacity: 0; transform: translateY(20px) translateZ(0);"
        >
          t
        </span>
         
      </div>
    </div>
  </body>,
  "container": <div>
    <div
      aria-label="test"
      class="chakra-container css-1ulwkta"
    >
      <span
        style="position: relative; display: inline-block; width: auto; opacity: 0; transform: translateY(20px) translateZ(0);"
      >
        t
      </span>
      <span
        style="position: relative; display: inline-block; width: auto; opacity: 0; transform: translateY(20px) translateZ(0);"
      >
        e
      </span>
      <span
        style="position: relative; display: inline-block; width: auto; opacity: 0; transform: translateY(20px) translateZ(0);"
      >
        s
      </span>
      <span
        style="position: relative; display: inline-block; width: auto; opacity: 0; transform: translateY(20px) translateZ(0);"
      >
        t
      </span>
       
    </div>
  </div>,
  "debug": [Function],
  "findAllByAltText": [Function],
  "findAllByDisplayValue": [Function],
  "findAllByLabelText": [Function],
  "findAllByPlaceholderText": [Function],
  "findAllByRole": [Function],
  "findAllByTestId": [Function],
  "findAllByText": [Function],
  "findAllByTitle": [Function],
  "findByAltText": [Function],
  "findByDisplayValue": [Function],
  "findByLabelText": [Function],
  "findByPlaceholderText": [Function],
  "findByRole": [Function],
  "findByTestId": [Function],
  "findByText": [Function],
  "findByTitle": [Function],
  "getAllByAltText": [Function],
  "getAllByDisplayValue": [Function],
  "getAllByLabelText": [Function],
  "getAllByPlaceholderText": [Function],
  "getAllByRole": [Function],
  "getAllByTestId": [Function],
  "getAllByText": [Function],
  "getAllByTitle": [Function],
  "getByAltText": [Function],
  "getByDisplayValue": [Function],
  "getByLabelText": [Function],
  "getByPlaceholderText": [Function],
  "getByRole": [Function],
  "getByTestId": [Function],
  "getByText": [Function],
  "getByTitle": [Function],
  "queryAllByAltText": [Function],
  "queryAllByDisplayValue": [Function],
  "queryAllByLabelText": [Function],
  "queryAllByPlaceholderText": [Function],
  "queryAllByRole": [Function],
  "queryAllByTestId": [Function],
  "queryAllByText": [Function],
  "queryAllByTitle": [Function],
  "queryByAltText": [Function],
  "queryByDisplayValue": [Function],
  "queryByLabelText": [Function],
  "queryByPlaceholderText": [Function],
  "queryByRole": [Function],
  "queryByTestId": [Function],
  "queryByText": [Function],
  "queryByTitle": [Function],
  "rerender": [Function],
  "unmount": [Function],
}
`;
