// Jest Snapshot v1, https://goo.gl/fbAQLP

exports[`Title Component renders the component 1`] = `
Object {
  "asFragment": [Function],
  "baseElement": <body>
    <div
      id="chakra-toast-portal"
    >
      <ul
        id="chakra-toast-manager-top"
        style="position: fixed; z-index: 5500; pointer-events: none; display: flex; flex-direction: column; margin: 0px auto;"
      />
      <ul
        id="chakra-toast-manager-top-left"
        style="position: fixed; z-index: 5500; pointer-events: none; display: flex; flex-direction: column;"
      />
      <ul
        id="chakra-toast-manager-top-right"
        style="position: fixed; z-index: 5500; pointer-events: none; display: flex; flex-direction: column;"
      />
      <ul
        id="chakra-toast-manager-bottom-left"
        style="position: fixed; z-index: 5500; pointer-events: none; display: flex; flex-direction: column;"
      />
      <ul
        id="chakra-toast-manager-bottom"
        style="position: fixed; z-index: 5500; pointer-events: none; display: flex; flex-direction: column; margin: 0px auto;"
      />
      <ul
        id="chakra-toast-manager-bottom-right"
        style="position: fixed; z-index: 5500; pointer-events: none; display: flex; flex-direction: column;"
      />
    </div>
    <div>
      <div
        class="css-0"
      >
        <div
          class="css-1sknhd9"
        >
          <div
            aria-label="Web Developer"
            class="chakra-container css-1o2ugtj"
          >
            <span
              style="position: relative; display: inline-block; width: auto; opacity: 0; transform: translateY(20px) translateZ(0);"
            >
              W
            </span>
            <span
              style="position: relative; display: inline-block; width: auto; opacity: 0; transform: translateY(20px) translateZ(0);"
            >
              e
            </span>
            <span
              style="position: relative; display: inline-block; width: auto; opacity: 0; transform: translateY(20px) translateZ(0);"
            >
              b
            </span>
            <span
              style="position: relative; display: inline-block; width: auto; opacity: 0; transform: translateY(20px) translateZ(0);"
            >
               
            </span>
            <span
              style="position: relative; display: inline-block; width: auto; opacity: 0; transform: translateY(20px) translateZ(0);"
            >
              D
            </span>
            <span
              style="position: relative; display: inline-block; width: auto; opacity: 0; transform: translateY(20px) translateZ(0);"
            >
              e
            </span>
            <span
              style="position: relative; display: inline-block; width: auto; opacity: 0; transform: translateY(20px) translateZ(0);"
            >
              v
            </span>
            <span
              style="position: relative; display: inline-block; width: auto; opacity: 0; transform: translateY(20px) translateZ(0);"
            >
              e
            </span>
            <span
              style="position: relative; display: inline-block; width: auto; opacity: 0; transform: translateY(20px) translateZ(0);"
            >
              l
            </span>
            <span
              style="position: relative; display: inline-block; width: auto; opacity: 0; transform: translateY(20px) translateZ(0);"
            >
              o
            </span>
            <span
              style="position: relative; display: inline-block; width: auto; opacity: 0; transform: translateY(20px) translateZ(0);"
            >
              p
            </span>
            <span
              style="position: relative; display: inline-block; width: auto; opacity: 0; transform: translateY(20px) translateZ(0);"
            >
              e
            </span>
            <span
              style="position: relative; display: inline-block; width: auto; opacity: 0; transform: translateY(20px) translateZ(0);"
            >
              r
            </span>
             
          </div>
        </div>
        <h2
          class="chakra-heading css-dpoqzr"
        >
          Rodney Payne
        </h2>
      </div>
    </div>
  </body>,
  "container": <div>
    <div
      class="css-0"
    >
      <div
        class="css-1sknhd9"
      >
        <div
          aria-label="Web Developer"
          class="chakra-container css-1o2ugtj"
        >
          <span
            style="position: relative; display: inline-block; width: auto; opacity: 0; transform: translateY(20px) translateZ(0);"
          >
            W
          </span>
          <span
            style="position: relative; display: inline-block; width: auto; opacity: 0; transform: translateY(20px) translateZ(0);"
          >
            e
          </span>
          <span
            style="position: relative; display: inline-block; width: auto; opacity: 0; transform: translateY(20px) translateZ(0);"
          >
            b
          </span>
          <span
            style="position: relative; display: inline-block; width: auto; opacity: 0; transform: translateY(20px) translateZ(0);"
          >
             
          </span>
          <span
            style="position: relative; display: inline-block; width: auto; opacity: 0; transform: translateY(20px) translateZ(0);"
          >
            D
          </span>
          <span
            style="position: relative; display: inline-block; width: auto; opacity: 0; transform: translateY(20px) translateZ(0);"
          >
            e
          </span>
          <span
            style="position: relative; display: inline-block; width: auto; opacity: 0; transform: translateY(20px) translateZ(0);"
          >
            v
          </span>
          <span
            style="position: relative; display: inline-block; width: auto; opacity: 0; transform: translateY(20px) translateZ(0);"
          >
            e
          </span>
          <span
            style="position: relative; display: inline-block; width: auto; opacity: 0; transform: translateY(20px) translateZ(0);"
          >
            l
          </span>
          <span
            style="position: relative; display: inline-block; width: auto; opacity: 0; transform: translateY(20px) translateZ(0);"
          >
            o
          </span>
          <span
            style="position: relative; display: inline-block; width: auto; opacity: 0; transform: translateY(20px) translateZ(0);"
          >
            p
          </span>
          <span
            style="position: relative; display: inline-block; width: auto; opacity: 0; transform: translateY(20px) translateZ(0);"
          >
            e
          </span>
          <span
            style="position: relative; display: inline-block; width: auto; opacity: 0; transform: translateY(20px) translateZ(0);"
          >
            r
          </span>
           
        </div>
      </div>
      <h2
        class="chakra-heading css-dpoqzr"
      >
        Rodney Payne
      </h2>
    </div>
  </div>,
  "debug": [Function],
  "findAllByAltText": [Function],
  "findAllByDisplayValue": [Function],
  "findAllByLabelText": [Function],
  "findAllByPlaceholderText": [Function],
  "findAllByRole": [Function],
  "findAllByTestId": [Function],
  "findAllByText": [Function],
  "findAllByTitle": [Function],
  "findByAltText": [Function],
  "findByDisplayValue": [Function],
  "findByLabelText": [Function],
  "findByPlaceholderText": [Function],
  "findByRole": [Function],
  "findByTestId": [Function],
  "findByText": [Function],
  "findByTitle": [Function],
  "getAllByAltText": [Function],
  "getAllByDisplayValue": [Function],
  "getAllByLabelText": [Function],
  "getAllByPlaceholderText": [Function],
  "getAllByRole": [Function],
  "getAllByTestId": [Function],
  "getAllByText": [Function],
  "getAllByTitle": [Function],
  "getByAltText": [Function],
  "getByDisplayValue": [Function],
  "getByLabelText": [Function],
  "getByPlaceholderText": [Function],
  "getByRole": [Function],
  "getByTestId": [Function],
  "getByText": [Function],
  "getByTitle": [Function],
  "queryAllByAltText": [Function],
  "queryAllByDisplayValue": [Function],
  "queryAllByLabelText": [Function],
  "queryAllByPlaceholderText": [Function],
  "queryAllByRole": [Function],
  "queryAllByTestId": [Function],
  "queryAllByText": [Function],
  "queryAllByTitle": [Function],
  "queryByAltText": [Function],
  "queryByDisplayValue": [Function],
  "queryByLabelText": [Function],
  "queryByPlaceholderText": [Function],
  "queryByRole": [Function],
  "queryByTestId": [Function],
  "queryByText": [Function],
  "queryByTitle": [Function],
  "rerender": [Function],
  "unmount": [Function],
}
`;
